Timing Violation Report Min Delay Analysis

SmartTime Version 2025.2
Microchip Technology Inc. - Microchip Libero Software Release 2025.2 (Version 2025.2.0.14)
Date: Sun Jan 18 02:39:23 2026


Design: BaseDesign
Family: PolarFireSoC
Die: MPFS095T
Package: FCSG325
Temperature Range: 0 - 100 C
Voltage Range: 0.97 - 1.03 V
Speed Grade: -1
Design State: Post-Layout
Data source: Production
Multi Corner Report Operating Conditions: slow_lv_lt,fast_hv_lt,slow_lv_ht


Path 1
  From: MIV_RV32_CFG1_C0_0/MIV_RV32_CFG1_C0_0/u_ipcore_0/u_hart_0/u_expipe_0/de_ex_pipe_i_access_misalign_error_ex:CLK
  To:   MIV_RV32_CFG1_C0_0/MIV_RV32_CFG1_C0_0/u_ipcore_0/u_hart_0/u_expipe_0/ex_retr_pipe_i_access_misalign_error_retr:D
  Delay (ns):              0.301
  Slack (ns):              0.050
  Arrival (ns):            3.219
  Required (ns):           3.169
  Operating Conditions: slow_lv_lt

Path 2
  From: sram_test_module_0/st_reg1:CLK
  To:   sram_test_module_0/st_prev:D
  Delay (ns):              0.155
  Slack (ns):              0.078
  Arrival (ns):            2.116
  Required (ns):           2.038
  Operating Conditions: fast_hv_lt

Path 3
  From: MIV_ESS_C0_0/CoreUARTapb_0/uUART/make_RX/rx_shift[4]:CLK
  To:   MIV_ESS_C0_0/CoreUARTapb_0/uUART/make_RX/rx_shift[3]:D
  Delay (ns):              0.152
  Slack (ns):              0.078
  Arrival (ns):            2.128
  Required (ns):           2.050
  Operating Conditions: fast_hv_lt

Path 4
  From: MIV_ESS_C0_0/CoreGPIO_0/xhdl1.GEN_BITS[2].gpin1[2]:CLK
  To:   MIV_ESS_C0_0/CoreGPIO_0/xhdl1.GEN_BITS[2].gpin2[2]:D
  Delay (ns):              0.153
  Slack (ns):              0.078
  Arrival (ns):            2.125
  Required (ns):           2.047
  Operating Conditions: fast_hv_lt

Path 5
  From: CORERESET_PF_C0_0/CORERESET_PF_C0_0/dff_1[0]:CLK
  To:   CORERESET_PF_C0_0/CORERESET_PF_C0_0/dff_2[0]:D
  Delay (ns):              0.151
  Slack (ns):              0.078
  Arrival (ns):            2.103
  Required (ns):           2.025
  Operating Conditions: fast_hv_lt

Path 6
  From: sram_test_module_0/st_reg0:CLK
  To:   sram_test_module_0/st_reg1:D
  Delay (ns):              0.156
  Slack (ns):              0.079
  Arrival (ns):            2.117
  Required (ns):           2.038
  Operating Conditions: fast_hv_lt

Path 7
  From: MIV_ESS_C0_0/CoreUARTapb_0/uUART/tx_hold_reg[4]:CLK
  To:   MIV_ESS_C0_0/CoreUARTapb_0/uUART/make_TX/tx_byte[4]:D
  Delay (ns):              0.148
  Slack (ns):              0.080
  Arrival (ns):            2.118
  Required (ns):           2.038
  Operating Conditions: fast_hv_lt

Path 8
  From: MIV_ESS_C0_0/CoreUARTapb_0/uUART/make_RX/rx_shift[1]:CLK
  To:   MIV_ESS_C0_0/CoreUARTapb_0/uUART/make_RX/rx_byte[1]:D
  Delay (ns):              0.154
  Slack (ns):              0.080
  Arrival (ns):            2.130
  Required (ns):           2.050
  Operating Conditions: fast_hv_lt

Path 9
  From: CORERESET_PF_C0_0/CORERESET_PF_C0_0/dff_8[0]:CLK
  To:   CORERESET_PF_C0_0/CORERESET_PF_C0_0/dff_9[0]:D
  Delay (ns):              0.148
  Slack (ns):              0.080
  Arrival (ns):            2.107
  Required (ns):           2.027
  Operating Conditions: fast_hv_lt

Path 10
  From: MIV_RV32_CFG1_C0_0/MIV_RV32_CFG1_C0_0/u_ipcore_0/gen_subsys_debug.u_subsys_debug_unit_0/miv_rv32_debug_du_0/cmderr_ff[0]:CLK
  To:   MIV_RV32_CFG1_C0_0/MIV_RV32_CFG1_C0_0/u_ipcore_0/gen_subsys_debug.u_subsys_debug_unit_0/miv_rv32_debug_du_0/abstractcs_cmderr[0]:D
  Delay (ns):              0.155
  Slack (ns):              0.081
  Arrival (ns):            2.117
  Required (ns):           2.036
  Operating Conditions: fast_hv_lt

Path 11
  From: MIV_ESS_C0_0/CoreUARTapb_0/uUART/make_RX/rx_shift[5]:CLK
  To:   MIV_ESS_C0_0/CoreUARTapb_0/uUART/make_RX/rx_shift[4]:D
  Delay (ns):              0.157
  Slack (ns):              0.083
  Arrival (ns):            2.133
  Required (ns):           2.050
  Operating Conditions: fast_hv_lt

Path 12
  From: CORERESET_PF_C0_0/CORERESET_PF_C0_0/dff_4[0]:CLK
  To:   CORERESET_PF_C0_0/CORERESET_PF_C0_0/dff_5[0]:D
  Delay (ns):              0.157
  Slack (ns):              0.083
  Arrival (ns):            2.116
  Required (ns):           2.033
  Operating Conditions: fast_hv_lt

Path 13
  From: MIV_RV32_CFG1_C0_0/MIV_RV32_CFG1_C0_0/u_ipcore_0/gen_subsys_debug.u_subsys_debug_unit_0/debug_resp_fifo/rd_gray_ptr_synch[0]:CLK
  To:   MIV_RV32_CFG1_C0_0/MIV_RV32_CFG1_C0_0/u_ipcore_0/gen_subsys_debug.u_subsys_debug_unit_0/debug_resp_fifo/rd_gray_ptr_in_write[0]:D
  Delay (ns):              0.158
  Slack (ns):              0.085
  Arrival (ns):            2.095
  Required (ns):           2.010
  Operating Conditions: fast_hv_lt

Path 14
  From: MIV_RV32_CFG1_C0_0/MIV_RV32_CFG1_C0_0/u_ipcore_0/gen_subsys_debug.u_subsys_debug_unit_0/debug_req_fifo/rd_gray_ptr_synch[0]:CLK
  To:   MIV_RV32_CFG1_C0_0/MIV_RV32_CFG1_C0_0/u_ipcore_0/gen_subsys_debug.u_subsys_debug_unit_0/debug_req_fifo/rd_gray_ptr_in_write[0]:D
  Delay (ns):              0.158
  Slack (ns):              0.085
  Arrival (ns):            3.592
  Required (ns):           3.507
  Operating Conditions: fast_hv_lt

Path 15
  From: MIV_ESS_C0_0/CoreUARTapb_0/uUART/make_RX/rx_shift[2]:CLK
  To:   MIV_ESS_C0_0/CoreUARTapb_0/uUART/make_RX/rx_shift[1]:D
  Delay (ns):              0.153
  Slack (ns):              0.085
  Arrival (ns):            2.129
  Required (ns):           2.044
  Operating Conditions: fast_hv_lt

Path 16
  From: CORERESET_PF_C0_0/CORERESET_PF_C0_0/dff_6[0]:CLK
  To:   CORERESET_PF_C0_0/CORERESET_PF_C0_0/dff_7[0]:D
  Delay (ns):              0.159
  Slack (ns):              0.085
  Arrival (ns):            2.118
  Required (ns):           2.033
  Operating Conditions: fast_hv_lt

Path 17
  From: CORERESET_PF_C0_0/CORERESET_PF_C0_0/dff_0[0]:CLK
  To:   CORERESET_PF_C0_0/CORERESET_PF_C0_0/dff_1[0]:D
  Delay (ns):              0.158
  Slack (ns):              0.085
  Arrival (ns):            2.110
  Required (ns):           2.025
  Operating Conditions: fast_hv_lt

Path 18
  From: MIV_RV32_CFG1_C0_0/MIV_RV32_CFG1_C0_0/u_ipcore_0/gen_subsys_debug.u_subsys_debug_unit_0/miv_rv32_debug_du_0/cmderr_ff[2]:CLK
  To:   MIV_RV32_CFG1_C0_0/MIV_RV32_CFG1_C0_0/u_ipcore_0/gen_subsys_debug.u_subsys_debug_unit_0/miv_rv32_debug_du_0/abstractcs_cmderr[2]:D
  Delay (ns):              0.160
  Slack (ns):              0.086
  Arrival (ns):            2.122
  Required (ns):           2.036
  Operating Conditions: fast_hv_lt

Path 19
  From: CORERESET_PF_C0_0/CORERESET_PF_C0_0/dff_12[0]:CLK
  To:   CORERESET_PF_C0_0/CORERESET_PF_C0_0/dff_13[0]:D
  Delay (ns):              0.160
  Slack (ns):              0.086
  Arrival (ns):            2.119
  Required (ns):           2.033
  Operating Conditions: fast_hv_lt

Path 20
  From: MIV_ESS_C0_0/CoreUARTapb_0/uUART/make_RX/rx_shift[6]:CLK
  To:   MIV_ESS_C0_0/CoreUARTapb_0/uUART/make_RX/rx_shift[5]:D
  Delay (ns):              0.155
  Slack (ns):              0.087
  Arrival (ns):            2.131
  Required (ns):           2.044
  Operating Conditions: fast_hv_lt

Path 21
  From: MIV_RV32_CFG1_C0_0/MIV_RV32_CFG1_C0_0/u_ipcore_0/gen_subsys_debug.u_subsys_debug_unit_0/debug_req_fifo/rd_gray_ptr_synch[1]:CLK
  To:   MIV_RV32_CFG1_C0_0/MIV_RV32_CFG1_C0_0/u_ipcore_0/gen_subsys_debug.u_subsys_debug_unit_0/debug_req_fifo/rd_gray_ptr_in_write[1]:D
  Delay (ns):              0.161
  Slack (ns):              0.088
  Arrival (ns):            3.595
  Required (ns):           3.507
  Operating Conditions: fast_hv_lt

Path 22
  From: MIV_ESS_C0_0/CoreUARTapb_0/uUART/tx_hold_reg[3]:CLK
  To:   MIV_ESS_C0_0/CoreUARTapb_0/uUART/make_TX/tx_byte[3]:D
  Delay (ns):              0.162
  Slack (ns):              0.088
  Arrival (ns):            2.132
  Required (ns):           2.044
  Operating Conditions: fast_hv_lt

Path 23
  From: CORERESET_PF_C0_0/CORERESET_PF_C0_0/dff_11[0]:CLK
  To:   CORERESET_PF_C0_0/CORERESET_PF_C0_0/dff_12[0]:D
  Delay (ns):              0.162
  Slack (ns):              0.088
  Arrival (ns):            2.121
  Required (ns):           2.033
  Operating Conditions: fast_hv_lt

Path 24
  From: MIV_ESS_C0_0/CoreUARTapb_0/uUART/make_RX/rx_shift[3]:CLK
  To:   MIV_ESS_C0_0/CoreUARTapb_0/uUART/make_RX/rx_byte[3]:D
  Delay (ns):              0.163
  Slack (ns):              0.089
  Arrival (ns):            2.139
  Required (ns):           2.050
  Operating Conditions: fast_hv_lt

Path 25
  From: CORERESET_PF_C0_0/CORERESET_PF_C0_0/dff_5[0]:CLK
  To:   CORERESET_PF_C0_0/CORERESET_PF_C0_0/dff_6[0]:D
  Delay (ns):              0.163
  Slack (ns):              0.089
  Arrival (ns):            2.122
  Required (ns):           2.033
  Operating Conditions: fast_hv_lt

Path 26
  From: CORERESET_PF_C0_0/CORERESET_PF_C0_0/dff_3[0]:CLK
  To:   CORERESET_PF_C0_0/CORERESET_PF_C0_0/dff_4[0]:D
  Delay (ns):              0.163
  Slack (ns):              0.089
  Arrival (ns):            2.122
  Required (ns):           2.033
  Operating Conditions: fast_hv_lt

Path 27
  From: MIV_RV32_CFG1_C0_0/MIV_RV32_CFG1_C0_0/u_ipcore_0/u_hart_0/u_expipe_0/de_ex_pipe_m_env_call_ex:CLK
  To:   MIV_RV32_CFG1_C0_0/MIV_RV32_CFG1_C0_0/u_ipcore_0/u_hart_0/u_expipe_0/ex_retr_pipe_m_env_call_retr:D
  Delay (ns):              0.164
  Slack (ns):              0.090
  Arrival (ns):            2.139
  Required (ns):           2.049
  Operating Conditions: fast_hv_lt

Path 28
  From: MIV_ESS_C0_0/CoreUARTapb_0/uUART/make_RX/rx_shift[3]:CLK
  To:   MIV_ESS_C0_0/CoreUARTapb_0/uUART/make_RX/rx_shift[2]:D
  Delay (ns):              0.164
  Slack (ns):              0.090
  Arrival (ns):            2.140
  Required (ns):           2.050
  Operating Conditions: fast_hv_lt

Path 29
  From: MIV_ESS_C0_0/CoreUARTapb_0/uUART/make_RX/rx_shift[1]:CLK
  To:   MIV_ESS_C0_0/CoreUARTapb_0/uUART/make_RX/rx_shift[0]:D
  Delay (ns):              0.164
  Slack (ns):              0.090
  Arrival (ns):            2.140
  Required (ns):           2.050
  Operating Conditions: fast_hv_lt

Path 30
  From: MIV_RV32_CFG1_C0_0/MIV_RV32_CFG1_C0_0/u_ipcore_0/gen_subsys_debug.u_subsys_debug_unit_0/miv_rv32_debug_du_0/cmderr_ff[1]:CLK
  To:   MIV_RV32_CFG1_C0_0/MIV_RV32_CFG1_C0_0/u_ipcore_0/gen_subsys_debug.u_subsys_debug_unit_0/miv_rv32_debug_du_0/abstractcs_cmderr[1]:D
  Delay (ns):              0.164
  Slack (ns):              0.091
  Arrival (ns):            2.126
  Required (ns):           2.035
  Operating Conditions: fast_hv_lt

Path 31
  From: MIV_RV32_CFG1_C0_0/MIV_RV32_CFG1_C0_0/u_ipcore_0/gen_subsys_debug.u_subsys_debug_unit_0/debug_resp_fifo/rd_gray_ptr_synch[1]:CLK
  To:   MIV_RV32_CFG1_C0_0/MIV_RV32_CFG1_C0_0/u_ipcore_0/gen_subsys_debug.u_subsys_debug_unit_0/debug_resp_fifo/rd_gray_ptr_in_write[1]:D
  Delay (ns):              0.187
  Slack (ns):              0.092
  Arrival (ns):            2.139
  Required (ns):           2.047
  Operating Conditions: fast_hv_lt

Path 32
  From: MIV_RV32_CFG1_C0_0/MIV_RV32_CFG1_C0_0/u_ipcore_0/u_hart_0/u_expipe_0/gen_debug_gpr_ctrl_pipeline.ex_retr_pipe_gpr_wr_sel_retr[2]:CLK
  To:   MIV_RV32_CFG1_C0_0/MIV_RV32_CFG1_C0_0/u_ipcore_0/u_hart_0/u_expipe_0/gen_gpr_ram.u_gpr_0/gpr_wr_sel_reg[2]:D
  Delay (ns):              0.172
  Slack (ns):              0.099
  Arrival (ns):            2.127
  Required (ns):           2.028
  Operating Conditions: fast_hv_lt

Path 33
  From: MIV_RV32_CFG1_C0_0/MIV_RV32_CFG1_C0_0/u_ipcore_0/u_hart_0/u_expipe_0/de_ex_pipe_curr_instr_enc_ex[8]:CLK
  To:   MIV_RV32_CFG1_C0_0/MIV_RV32_CFG1_C0_0/u_ipcore_0/u_hart_0/u_expipe_0/ex_retr_pipe_curr_instr_enc_retr[8]:D
  Delay (ns):              0.199
  Slack (ns):              0.108
  Arrival (ns):            2.169
  Required (ns):           2.061
  Operating Conditions: fast_hv_lt

Path 34
  From: MIV_RV32_CFG1_C0_0/MIV_RV32_CFG1_C0_0/u_ipcore_0/gen_subsys_debug.u_subsys_debug_unit_0/miv_rv32_debug_du_0/dmcontrol_dmactive:CLK
  To:   MIV_RV32_CFG1_C0_0/MIV_RV32_CFG1_C0_0/u_ipcore_0/gen_subsys_debug.u_subsys_debug_unit_0/miv_rv32_debug_du_0/abstractcs_cmderr[2]:SLn
  Delay (ns):              0.238
  Slack (ns):              0.109
  Arrival (ns):            2.200
  Required (ns):           2.091
  Operating Conditions: fast_hv_lt

Path 35
  From: MIV_RV32_CFG1_C0_0/MIV_RV32_CFG1_C0_0/u_ipcore_0/gen_subsys_debug.u_subsys_debug_unit_0/miv_rv32_debug_du_0/dmcontrol_dmactive:CLK
  To:   MIV_RV32_CFG1_C0_0/MIV_RV32_CFG1_C0_0/u_ipcore_0/gen_subsys_debug.u_subsys_debug_unit_0/miv_rv32_debug_du_0/abstractcs_cmderr[0]:SLn
  Delay (ns):              0.239
  Slack (ns):              0.110
  Arrival (ns):            2.201
  Required (ns):           2.091
  Operating Conditions: fast_hv_lt

Path 36
  From: MIV_RV32_CFG1_C0_0/MIV_RV32_CFG1_C0_0/u_ipcore_0/gen_subsys_debug.u_subsys_debug_unit_0/miv_rv32_debug_du_0/dmcontrol_dmactive:CLK
  To:   MIV_RV32_CFG1_C0_0/MIV_RV32_CFG1_C0_0/u_ipcore_0/gen_subsys_debug.u_subsys_debug_unit_0/miv_rv32_debug_du_0/abstractcs_cmderr[1]:SLn
  Delay (ns):              0.239
  Slack (ns):              0.111
  Arrival (ns):            2.201
  Required (ns):           2.090
  Operating Conditions: fast_hv_lt

Path 37
  From: MIV_RV32_CFG1_C0_0/MIV_RV32_CFG1_C0_0/u_ipcore_0/gen_subsys_debug.u_subsys_debug_unit_0/miv_rv32_debug_du_0/data_0_reg[9]:CLK
  To:   MIV_RV32_CFG1_C0_0/MIV_RV32_CFG1_C0_0/u_ipcore_0/gen_subsys_debug.u_subsys_debug_unit_0/miv_rv32_debug_du_0/debug_op_wr_data[9]:D
  Delay (ns):              0.201
  Slack (ns):              0.111
  Arrival (ns):            2.148
  Required (ns):           2.037
  Operating Conditions: fast_hv_lt

Path 38
  From: CORERESET_PF_C0_0/CORERESET_PF_C0_0/dff_2[0]:CLK
  To:   CORERESET_PF_C0_0/CORERESET_PF_C0_0/dff_3[0]:D
  Delay (ns):              0.207
  Slack (ns):              0.113
  Arrival (ns):            2.158
  Required (ns):           2.045
  Operating Conditions: fast_hv_lt

Path 39
  From: MIV_ESS_C0_0/MIV_PLIC_0/apb_interface_0/interrupt_enable_wr_data_Z[2]:CLK
  To:   MIV_ESS_C0_0/MIV_PLIC_0/plic_core_ie.genblk1[2].interrupt_enable_register_0/interrupt_enable_reg:D
  Delay (ns):              0.188
  Slack (ns):              0.114
  Arrival (ns):            2.158
  Required (ns):           2.044
  Operating Conditions: fast_hv_lt

Path 40
  From: MIV_RV32_CFG1_C0_0/MIV_RV32_CFG1_C0_0/u_ipcore_0/u_hart_0/u_expipe_0/de_ex_pipe_i_access_mem_error_ex:CLK
  To:   MIV_RV32_CFG1_C0_0/MIV_RV32_CFG1_C0_0/u_ipcore_0/u_hart_0/u_expipe_0/ex_retr_pipe_i_access_mem_error_retr:D
  Delay (ns):              0.270
  Slack (ns):              0.117
  Arrival (ns):            2.221
  Required (ns):           2.104
  Operating Conditions: fast_hv_lt

Path 41
  From: CORERESET_PF_C0_0/CORERESET_PF_C0_0/dff_10[0]:CLK
  To:   CORERESET_PF_C0_0/CORERESET_PF_C0_0/dff_11[0]:D
  Delay (ns):              0.192
  Slack (ns):              0.118
  Arrival (ns):            2.151
  Required (ns):           2.033
  Operating Conditions: fast_hv_lt

Path 42
  From: CORERESET_PF_C0_0/CORERESET_PF_C0_0/dff_9[0]:CLK
  To:   CORERESET_PF_C0_0/CORERESET_PF_C0_0/dff_10[0]:D
  Delay (ns):              0.193
  Slack (ns):              0.119
  Arrival (ns):            2.152
  Required (ns):           2.033
  Operating Conditions: fast_hv_lt

Path 43
  From: MIV_RV32_CFG1_C0_0/MIV_RV32_CFG1_C0_0/u_ipcore_0/gen_subsys_debug.u_subsys_debug_unit_0/debug_req_fifo/genblk1.rst_synch_reg[1]:CLK
  To:   MIV_RV32_CFG1_C0_0/MIV_RV32_CFG1_C0_0/u_ipcore_0/gen_subsys_debug.u_subsys_debug_unit_0/debug_req_fifo/genblk1.rst_synch_reg[0]:D
  Delay (ns):              0.194
  Slack (ns):              0.120
  Arrival (ns):            2.145
  Required (ns):           2.025
  Operating Conditions: fast_hv_lt

Path 44
  From: MIV_RV32_CFG1_C0_0/MIV_RV32_CFG1_C0_0/u_ipcore_0/u_hart_0/u_expipe_0/u_exu_0/div_divisor[2]:CLK
  To:   MIV_RV32_CFG1_C0_0/MIV_RV32_CFG1_C0_0/u_ipcore_0/u_hart_0/u_expipe_0/u_exu_0/div_divisor[1]:D
  Delay (ns):              0.197
  Slack (ns):              0.123
  Arrival (ns):            2.136
  Required (ns):           2.013
  Operating Conditions: fast_hv_lt

Path 45
  From: MIV_RV32_CFG1_C0_0/MIV_RV32_CFG1_C0_0/u_ipcore_0/gen_subsys_debug.u_subsys_debug_unit_0/miv_rv32_debug_du_0/data_0_reg[19]:CLK
  To:   MIV_RV32_CFG1_C0_0/MIV_RV32_CFG1_C0_0/u_ipcore_0/gen_subsys_debug.u_subsys_debug_unit_0/miv_rv32_debug_du_0/debug_op_wr_data[19]:D
  Delay (ns):              0.210
  Slack (ns):              0.123
  Arrival (ns):            2.152
  Required (ns):           2.029
  Operating Conditions: fast_hv_lt

Path 46
  From: MIV_ESS_C0_0/MIV_PLIC_0/apb_interface_0/interrupt_enable_wr_data_Z[1]:CLK
  To:   MIV_ESS_C0_0/MIV_PLIC_0/plic_core_ie.genblk1[1].interrupt_enable_register_0/interrupt_enable_reg:D
  Delay (ns):              0.199
  Slack (ns):              0.125
  Arrival (ns):            2.169
  Required (ns):           2.044
  Operating Conditions: fast_hv_lt

Path 47
  From: MIV_ESS_C0_0/CoreUARTapb_0/uUART/tx_hold_reg[5]:CLK
  To:   MIV_ESS_C0_0/CoreUARTapb_0/uUART/make_TX/tx_byte[5]:D
  Delay (ns):              0.199
  Slack (ns):              0.125
  Arrival (ns):            2.169
  Required (ns):           2.044
  Operating Conditions: fast_hv_lt

Path 48
  From: MIV_ESS_C0_0/CoreUARTapb_0/uUART/make_RX/rx_shift[5]:CLK
  To:   MIV_ESS_C0_0/CoreUARTapb_0/uUART/make_RX/rx_byte[5]:D
  Delay (ns):              0.211
  Slack (ns):              0.125
  Arrival (ns):            2.187
  Required (ns):           2.062
  Operating Conditions: fast_hv_lt

Path 49
  From: MIV_RV32_CFG1_C0_0/MIV_RV32_CFG1_C0_0/u_ipcore_0/u_subsys_interconnect_0/u_subsys_regs/u_subsys_hart_soft_reset_reg/gen_bit_reset.state_val[0]:CLK
  To:   MIV_RV32_CFG1_C0_0/MIV_RV32_CFG1_C0_0/u_ipcore_0/u_subsys_interconnect_0/u_subsys_regs/toggle_hart_soft_reset:D
  Delay (ns):              0.200
  Slack (ns):              0.126
  Arrival (ns):            2.159
  Required (ns):           2.033
  Operating Conditions: fast_hv_lt

Path 50
  From: MIV_RV32_CFG1_C0_0/MIV_RV32_CFG1_C0_0/u_ipcore_0/gen_subsys_debug.u_subsys_debug_unit_0/MIV_subsys_debug_transport_module_jtag_0/gen_shift_register_active_high.gen_shift_register_active_low.shiftDR[13]:CLK
  To:   MIV_RV32_CFG1_C0_0/MIV_RV32_CFG1_C0_0/u_ipcore_0/gen_subsys_debug.u_subsys_debug_unit_0/MIV_subsys_debug_transport_module_jtag_0/gen_shift_register_active_high.gen_shift_register_active_low.shiftDR[12]:D
  Delay (ns):              0.202
  Slack (ns):              0.126
  Arrival (ns):            3.440
  Required (ns):           3.314
  Operating Conditions: fast_hv_lt

Path 51
  From: sram_test_module_0/compare_reg_init[6]:CLK
  To:   sram_test_module_0/data_write_portA[6]:D
  Delay (ns):              0.206
  Slack (ns):              0.127
  Arrival (ns):            2.162
  Required (ns):           2.035
  Operating Conditions: fast_hv_lt

Path 52
  From: sram_test_module_0/compare_reg_init[5]:CLK
  To:   sram_test_module_0/data_write_portA[5]:D
  Delay (ns):              0.206
  Slack (ns):              0.127
  Arrival (ns):            2.162
  Required (ns):           2.035
  Operating Conditions: fast_hv_lt

Path 53
  From: MIV_RV32_CFG1_C0_0/MIV_RV32_CFG1_C0_0/u_ipcore_0/gen_subsys_debug.u_subsys_debug_unit_0/miv_rv32_debug_du_0/data_0_reg[7]:CLK
  To:   MIV_RV32_CFG1_C0_0/MIV_RV32_CFG1_C0_0/u_ipcore_0/gen_subsys_debug.u_subsys_debug_unit_0/miv_rv32_debug_du_0/debug_op_wr_data[7]:D
  Delay (ns):              0.217
  Slack (ns):              0.127
  Arrival (ns):            2.164
  Required (ns):           2.037
  Operating Conditions: fast_hv_lt

Path 54
  From: MIV_ESS_C0_0/CoreUARTapb_0/uUART/make_RX/samples_1[0]:CLK
  To:   MIV_ESS_C0_0/CoreUARTapb_0/uUART/make_RX/samples_0[0]:D
  Delay (ns):              0.201
  Slack (ns):              0.127
  Arrival (ns):            2.174
  Required (ns):           2.047
  Operating Conditions: fast_hv_lt

Path 55
  From: CoreTimer_C0_0/CoreTimer_C0_0/Load[4]:CLK
  To:   CoreTimer_C0_0/CoreTimer_C0_0/iPRDATA[4]:D
  Delay (ns):              0.204
  Slack (ns):              0.127
  Arrival (ns):            2.185
  Required (ns):           2.058
  Operating Conditions: fast_hv_lt

Path 56
  From: CoreTimer_C0_0/CoreTimer_C0_0/Load[14]:CLK
  To:   CoreTimer_C0_0/CoreTimer_C0_0/iPRDATA[14]:D
  Delay (ns):              0.201
  Slack (ns):              0.127
  Arrival (ns):            2.160
  Required (ns):           2.033
  Operating Conditions: fast_hv_lt

Path 57
  From: CORERESET_PF_C0_0/CORERESET_PF_C0_0/dff_7[0]:CLK
  To:   CORERESET_PF_C0_0/CORERESET_PF_C0_0/dff_8[0]:D
  Delay (ns):              0.201
  Slack (ns):              0.127
  Arrival (ns):            2.160
  Required (ns):           2.033
  Operating Conditions: fast_hv_lt

Path 58
  From: MIV_RV32_CFG1_C0_0/MIV_RV32_CFG1_C0_0/u_ipcore_0/u_hart_0/u_expipe_0/u_exu_0/div_divisor[19]:CLK
  To:   MIV_RV32_CFG1_C0_0/MIV_RV32_CFG1_C0_0/u_ipcore_0/u_hart_0/u_expipe_0/u_exu_0/div_divisor[18]:D
  Delay (ns):              0.202
  Slack (ns):              0.128
  Arrival (ns):            2.159
  Required (ns):           2.031
  Operating Conditions: fast_hv_lt

Path 59
  From: MIV_RV32_CFG1_C0_0/MIV_RV32_CFG1_C0_0/u_ipcore_0/gen_subsys_debug.u_subsys_debug_unit_0/miv_rv32_debug_du_0/debug_halt_req:CLK
  To:   MIV_RV32_CFG1_C0_0/MIV_RV32_CFG1_C0_0/u_ipcore_0/gen_subsys_debug.u_subsys_debug_unit_0/miv_rv32_debug_du_0/debug_state[2]:D
  Delay (ns):              0.201
  Slack (ns):              0.128
  Arrival (ns):            2.171
  Required (ns):           2.043
  Operating Conditions: fast_hv_lt

Path 60
  From: MIV_RV32_CFG1_C0_0/MIV_RV32_CFG1_C0_0/u_ipcore_0/gen_subsys_debug.u_subsys_debug_unit_0/miv_rv32_debug_du_0/data_0_reg[31]:CLK
  To:   MIV_RV32_CFG1_C0_0/MIV_RV32_CFG1_C0_0/u_ipcore_0/gen_subsys_debug.u_subsys_debug_unit_0/miv_rv32_debug_du_0/debug_op_wr_data[31]:D
  Delay (ns):              0.202
  Slack (ns):              0.128
  Arrival (ns):            2.144
  Required (ns):           2.016
  Operating Conditions: fast_hv_lt

Path 61
  From: MIV_RV32_CFG1_C0_0/MIV_RV32_CFG1_C0_0/u_ipcore_0/gen_subsys_debug.u_subsys_debug_unit_0/miv_rv32_debug_du_0/data_0_reg[27]:CLK
  To:   MIV_RV32_CFG1_C0_0/MIV_RV32_CFG1_C0_0/u_ipcore_0/gen_subsys_debug.u_subsys_debug_unit_0/miv_rv32_debug_du_0/debug_op_wr_data[27]:D
  Delay (ns):              0.203
  Slack (ns):              0.129
  Arrival (ns):            2.145
  Required (ns):           2.016
  Operating Conditions: fast_hv_lt

Path 62
  From: MIV_RV32_CFG1_C0_0/MIV_RV32_CFG1_C0_0/u_ipcore_0/gen_subsys_debug.u_subsys_debug_unit_0/miv_rv32_debug_du_0/data_0_reg[24]:CLK
  To:   MIV_RV32_CFG1_C0_0/MIV_RV32_CFG1_C0_0/u_ipcore_0/gen_subsys_debug.u_subsys_debug_unit_0/miv_rv32_debug_du_0/debug_op_wr_data[24]:D
  Delay (ns):              0.203
  Slack (ns):              0.129
  Arrival (ns):            2.145
  Required (ns):           2.016
  Operating Conditions: fast_hv_lt

Path 63
  From: MIV_RV32_CFG1_C0_0/MIV_RV32_CFG1_C0_0/u_ipcore_0/gen_subsys_debug.u_subsys_debug_unit_0/miv_rv32_debug_du_0/command_reg[11]:CLK
  To:   MIV_RV32_CFG1_C0_0/MIV_RV32_CFG1_C0_0/u_ipcore_0/gen_subsys_debug.u_subsys_debug_unit_0/miv_rv32_debug_du_0/debug_csr_addr[11]:D
  Delay (ns):              0.203
  Slack (ns):              0.129
  Arrival (ns):            2.163
  Required (ns):           2.034
  Operating Conditions: fast_hv_lt

Path 64
  From: MIV_ESS_C0_0/CoreUARTapb_0/uUART/make_TX/xmit_bit_sel[0]:CLK
  To:   MIV_ESS_C0_0/CoreUARTapb_0/uUART/make_TX/xmit_bit_sel[0]:D
  Delay (ns):              0.197
  Slack (ns):              0.129
  Arrival (ns):            2.147
  Required (ns):           2.018
  Operating Conditions: fast_hv_lt

Path 65
  From: MIV_RV32_CFG1_C0_0/MIV_RV32_CFG1_C0_0/u_ipcore_0/u_hart_0/u_expipe_0/u_exu_0/div_divisor[8]:CLK
  To:   MIV_RV32_CFG1_C0_0/MIV_RV32_CFG1_C0_0/u_ipcore_0/u_hart_0/u_expipe_0/u_exu_0/div_divisor[7]:D
  Delay (ns):              0.204
  Slack (ns):              0.130
  Arrival (ns):            2.143
  Required (ns):           2.013
  Operating Conditions: fast_hv_lt

Path 66
  From: MIV_RV32_CFG1_C0_0/MIV_RV32_CFG1_C0_0/u_ipcore_0/u_hart_0/u_expipe_0/u_exu_0/div_divisor[24]:CLK
  To:   MIV_RV32_CFG1_C0_0/MIV_RV32_CFG1_C0_0/u_ipcore_0/u_hart_0/u_expipe_0/u_exu_0/div_divisor[23]:D
  Delay (ns):              0.207
  Slack (ns):              0.130
  Arrival (ns):            2.157
  Required (ns):           2.027
  Operating Conditions: fast_hv_lt

Path 67
  From: MIV_RV32_CFG1_C0_0/MIV_RV32_CFG1_C0_0/u_ipcore_0/u_hart_0/u_expipe_0/u_exu_0/div_divisor[12]:CLK
  To:   MIV_RV32_CFG1_C0_0/MIV_RV32_CFG1_C0_0/u_ipcore_0/u_hart_0/u_expipe_0/u_exu_0/div_divisor[11]:D
  Delay (ns):              0.204
  Slack (ns):              0.130
  Arrival (ns):            2.161
  Required (ns):           2.031
  Operating Conditions: fast_hv_lt

Path 68
  From: MIV_RV32_CFG1_C0_0/MIV_RV32_CFG1_C0_0/u_ipcore_0/gen_subsys_debug.u_subsys_debug_unit_0/MIV_subsys_debug_transport_module_jtag_0/gen_shift_register_active_high.gen_shift_register_active_low.shiftDMI[37]:CLK
  To:   MIV_RV32_CFG1_C0_0/MIV_RV32_CFG1_C0_0/u_ipcore_0/gen_subsys_debug.u_subsys_debug_unit_0/MIV_subsys_debug_transport_module_jtag_0/gen_shift_register_active_high.gen_shift_register_active_low.shiftDMI[36]:D
  Delay (ns):              0.209
  Slack (ns):              0.130
  Arrival (ns):            3.454
  Required (ns):           3.324
  Operating Conditions: fast_hv_lt

Path 69
  From: MIV_ESS_C0_0/CoreGPIO_0/xhdl1.GEN_BITS[3].gpin3[3]:CLK
  To:   MIV_ESS_C0_0/CoreGPIO_0/xhdl1.GEN_BITS[3].APB_32.edge_pos[3]:D
  Delay (ns):              0.204
  Slack (ns):              0.130
  Arrival (ns):            2.172
  Required (ns):           2.042
  Operating Conditions: fast_hv_lt

Path 70
  From: MIV_RV32_CFG1_C0_0/MIV_RV32_CFG1_C0_0/u_ipcore_0/u_hart_0/u_expipe_0/gen_gpr_ex_attbs_rd_ex.gen_debug_gpr_rd_sel_pipeline.de_ex_pipe_gpr_rs2_rd_sel_ex[5]:CLK
  To:   MIV_RV32_CFG1_C0_0/MIV_RV32_CFG1_C0_0/u_ipcore_0/u_hart_0/u_expipe_0/gen_gpr_ram.u_gpr_0/gpr_rs2_rd_sel_reg[5]:D
  Delay (ns):              0.218
  Slack (ns):              0.131
  Arrival (ns):            2.180
  Required (ns):           2.049
  Operating Conditions: fast_hv_lt

Path 71
  From: MIV_RV32_CFG1_C0_0/MIV_RV32_CFG1_C0_0/u_ipcore_0/gen_subsys_debug.u_subsys_debug_unit_0/MIV_subsys_debug_transport_module_jtag_0/gen_shift_register_active_high.gen_shift_register_active_low.shiftDMI[40]:CLK
  To:   MIV_RV32_CFG1_C0_0/MIV_RV32_CFG1_C0_0/u_ipcore_0/gen_subsys_debug.u_subsys_debug_unit_0/MIV_subsys_debug_transport_module_jtag_0/gen_shift_register_active_high.gen_shift_register_active_low.shiftDMI[39]:D
  Delay (ns):              0.210
  Slack (ns):              0.131
  Arrival (ns):            3.455
  Required (ns):           3.324
  Operating Conditions: fast_hv_lt

Path 72
  From: MIV_ESS_C0_0/CoreUARTapb_0/uUART/make_RX/samples_2[0]:CLK
  To:   MIV_ESS_C0_0/CoreUARTapb_0/uUART/make_RX/samples_1[0]:D
  Delay (ns):              0.204
  Slack (ns):              0.131
  Arrival (ns):            2.177
  Required (ns):           2.046
  Operating Conditions: fast_hv_lt

Path 73
  From: MIV_RV32_CFG1_C0_0/MIV_RV32_CFG1_C0_0/u_ipcore_0/u_hart_0/u_expipe_0/u_exu_0/div_divisor[29]:CLK
  To:   MIV_RV32_CFG1_C0_0/MIV_RV32_CFG1_C0_0/u_ipcore_0/u_hart_0/u_expipe_0/u_exu_0/div_divisor[28]:D
  Delay (ns):              0.209
  Slack (ns):              0.132
  Arrival (ns):            2.159
  Required (ns):           2.027
  Operating Conditions: fast_hv_lt

Path 74
  From: MIV_RV32_CFG1_C0_0/MIV_RV32_CFG1_C0_0/u_ipcore_0/u_hart_0/u_expipe_0/u_exu_0/div_divisor[22]:CLK
  To:   MIV_RV32_CFG1_C0_0/MIV_RV32_CFG1_C0_0/u_ipcore_0/u_hart_0/u_expipe_0/u_exu_0/div_divisor[21]:D
  Delay (ns):              0.206
  Slack (ns):              0.132
  Arrival (ns):            2.163
  Required (ns):           2.031
  Operating Conditions: fast_hv_lt

Path 75
  From: MIV_RV32_CFG1_C0_0/MIV_RV32_CFG1_C0_0/u_ipcore_0/u_hart_0/u_expipe_0/gen_debug_gpr_ctrl_pipeline.ex_retr_pipe_gpr_wr_sel_retr[0]:CLK
  To:   MIV_RV32_CFG1_C0_0/MIV_RV32_CFG1_C0_0/u_ipcore_0/u_hart_0/u_expipe_0/gen_gpr_ram.u_gpr_0/gen_gpr.u_gpr_array_0/mem_xf_mem_xf_0_1/RAM64x12_PHYS_0/INST_RAM64x12_IP:W_ADDR[0]
  Delay (ns):              0.347
  Slack (ns):              0.132
  Arrival (ns):            2.302
  Required (ns):           2.170
  Operating Conditions: fast_hv_lt

Path 76
  From: MIV_RV32_CFG1_C0_0/MIV_RV32_CFG1_C0_0/u_ipcore_0/gen_subsys_debug.u_subsys_debug_unit_0/MIV_subsys_debug_transport_module_jtag_0/gen_current_state_register_active_high.gen_current_state_register_active_low.currTapState[10]:CLK
  To:   MIV_RV32_CFG1_C0_0/MIV_RV32_CFG1_C0_0/u_ipcore_0/gen_subsys_debug.u_subsys_debug_unit_0/MIV_subsys_debug_transport_module_jtag_0/gen_current_state_register_active_high.gen_current_state_register_active_low.currTapState[12]:D
  Delay (ns):              0.207
  Slack (ns):              0.132
  Arrival (ns):            3.448
  Required (ns):           3.316
  Operating Conditions: fast_hv_lt

Path 77
  From: MIV_ESS_C0_0/MIV_PLIC_0/interrupt_claim_complete_0/plic_irq_id_1[0]:CLK
  To:   MIV_ESS_C0_0/MIV_PLIC_0/apb_interface_0/TARGET_PRDATA[0]:D
  Delay (ns):              0.206
  Slack (ns):              0.132
  Arrival (ns):            2.176
  Required (ns):           2.044
  Operating Conditions: fast_hv_lt

Path 78
  From: MIV_ESS_C0_0/CoreUARTapb_0/uUART/make_CLOCK_GEN/xmit_cntr[1]:CLK
  To:   MIV_ESS_C0_0/CoreUARTapb_0/uUART/make_CLOCK_GEN/xmit_cntr[2]:D
  Delay (ns):              0.209
  Slack (ns):              0.132
  Arrival (ns):            2.186
  Required (ns):           2.054
  Operating Conditions: fast_hv_lt

Path 79
  From: CORERESET_PF_C0_0/CORERESET_PF_C0_0/dff_13[0]:CLK
  To:   CORERESET_PF_C0_0/CORERESET_PF_C0_0/dff_14[0]:D
  Delay (ns):              0.206
  Slack (ns):              0.132
  Arrival (ns):            2.165
  Required (ns):           2.033
  Operating Conditions: fast_hv_lt

Path 80
  From: sram_test_module_0/compare_reg_init[2]:CLK
  To:   sram_test_module_0/data_write_portA[2]:D
  Delay (ns):              0.212
  Slack (ns):              0.133
  Arrival (ns):            2.168
  Required (ns):           2.035
  Operating Conditions: fast_hv_lt

Path 81
  From: sram_test_module_0/compare_reg_init[14]:CLK
  To:   sram_test_module_0/data_write_portA[14]:D
  Delay (ns):              0.218
  Slack (ns):              0.133
  Arrival (ns):            2.172
  Required (ns):           2.039
  Operating Conditions: fast_hv_lt

Path 82
  From: MIV_RV32_CFG1_C0_0/MIV_RV32_CFG1_C0_0/u_ipcore_0/u_hart_0/u_expipe_0/u_exu_0/div_divisor[20]:CLK
  To:   MIV_RV32_CFG1_C0_0/MIV_RV32_CFG1_C0_0/u_ipcore_0/u_hart_0/u_expipe_0/u_exu_0/div_divisor[19]:D
  Delay (ns):              0.207
  Slack (ns):              0.133
  Arrival (ns):            2.164
  Required (ns):           2.031
  Operating Conditions: fast_hv_lt

Path 83
  From: MIV_RV32_CFG1_C0_0/MIV_RV32_CFG1_C0_0/u_ipcore_0/u_hart_0/u_expipe_0/u_exu_0/div_divisor[13]:CLK
  To:   MIV_RV32_CFG1_C0_0/MIV_RV32_CFG1_C0_0/u_ipcore_0/u_hart_0/u_expipe_0/u_exu_0/div_divisor[12]:D
  Delay (ns):              0.207
  Slack (ns):              0.133
  Arrival (ns):            2.164
  Required (ns):           2.031
  Operating Conditions: fast_hv_lt

Path 84
  From: MIV_RV32_CFG1_C0_0/MIV_RV32_CFG1_C0_0/u_ipcore_0/gen_subsys_debug.u_subsys_debug_unit_0/MIV_subsys_debug_transport_module_jtag_0/gen_shift_register_active_high.gen_shift_register_active_low.shiftDMI[13]:CLK
  To:   MIV_RV32_CFG1_C0_0/MIV_RV32_CFG1_C0_0/u_ipcore_0/gen_subsys_debug.u_subsys_debug_unit_0/MIV_subsys_debug_transport_module_jtag_0/gen_shift_register_active_high.gen_shift_register_active_low.shiftDMI[12]:D
  Delay (ns):              0.209
  Slack (ns):              0.133
  Arrival (ns):            3.444
  Required (ns):           3.311
  Operating Conditions: fast_hv_lt

Path 85
  From: MIV_ESS_C0_0/MIV_PLIC_0/plic_core_ie.genblk1[1].interrupt_enable_register_0/interrupt_enable_reg:CLK
  To:   MIV_ESS_C0_0/MIV_PLIC_0/interrupt_claim_complete_0/plic_irq_id_1[0]:D
  Delay (ns):              0.207
  Slack (ns):              0.133
  Arrival (ns):            2.177
  Required (ns):           2.044
  Operating Conditions: fast_hv_lt

Path 86
  From: sram_test_module_0/debug_counter_error_condition[0]:CLK
  To:   sram_test_module_0/debug_counter_error_condition[0]:D
  Delay (ns):              0.202
  Slack (ns):              0.134
  Arrival (ns):            2.154
  Required (ns):           2.020
  Operating Conditions: fast_hv_lt

Path 87
  From: sram_test_module_0/debug_counter_clr_compare[0]:CLK
  To:   sram_test_module_0/debug_counter_clr_compare[0]:D
  Delay (ns):              0.202
  Slack (ns):              0.134
  Arrival (ns):            2.153
  Required (ns):           2.019
  Operating Conditions: fast_hv_lt

Path 88
  From: sram_test_module_0/compare_reg_init[18]:CLK
  To:   sram_test_module_0/data_write_portA[18]:D
  Delay (ns):              0.220
  Slack (ns):              0.134
  Arrival (ns):            2.173
  Required (ns):           2.039
  Operating Conditions: fast_hv_lt

Path 89
  From: MIV_RV32_CFG1_C0_0/MIV_RV32_CFG1_C0_0/u_ipcore_0/u_hart_0/u_expipe_0/u_exu_0/div_divisor[6]:CLK
  To:   MIV_RV32_CFG1_C0_0/MIV_RV32_CFG1_C0_0/u_ipcore_0/u_hart_0/u_expipe_0/u_exu_0/div_divisor[5]:D
  Delay (ns):              0.208
  Slack (ns):              0.134
  Arrival (ns):            2.147
  Required (ns):           2.013
  Operating Conditions: fast_hv_lt

Path 90
  From: MIV_RV32_CFG1_C0_0/MIV_RV32_CFG1_C0_0/u_ipcore_0/gen_subsys_debug.u_subsys_debug_unit_0/miv_rv32_debug_du_0/command_reg[7]:CLK
  To:   MIV_RV32_CFG1_C0_0/MIV_RV32_CFG1_C0_0/u_ipcore_0/gen_subsys_debug.u_subsys_debug_unit_0/miv_rv32_debug_du_0/debug_csr_addr[7]:D
  Delay (ns):              0.208
  Slack (ns):              0.134
  Arrival (ns):            2.162
  Required (ns):           2.028
  Operating Conditions: fast_hv_lt

Path 91
  From: MIV_RV32_CFG1_C0_0/MIV_RV32_CFG1_C0_0/u_ipcore_0/gen_subsys_debug.u_subsys_debug_unit_0/miv_rv32_debug_du_0/command_reg[6]:CLK
  To:   MIV_RV32_CFG1_C0_0/MIV_RV32_CFG1_C0_0/u_ipcore_0/gen_subsys_debug.u_subsys_debug_unit_0/miv_rv32_debug_du_0/debug_csr_addr[6]:D
  Delay (ns):              0.208
  Slack (ns):              0.134
  Arrival (ns):            2.168
  Required (ns):           2.034
  Operating Conditions: fast_hv_lt

Path 92
  From: MIV_RV32_CFG1_C0_0/MIV_RV32_CFG1_C0_0/u_ipcore_0/gen_subsys_debug.u_subsys_debug_unit_0/MIV_subsys_debug_transport_module_jtag_0/gen_shift_register_active_high.gen_shift_register_active_low.shiftDR[16]:CLK
  To:   MIV_RV32_CFG1_C0_0/MIV_RV32_CFG1_C0_0/u_ipcore_0/gen_subsys_debug.u_subsys_debug_unit_0/MIV_subsys_debug_transport_module_jtag_0/gen_shift_register_active_high.gen_shift_register_active_low.shiftDR[15]:D
  Delay (ns):              0.210
  Slack (ns):              0.134
  Arrival (ns):            3.448
  Required (ns):           3.314
  Operating Conditions: fast_hv_lt

Path 93
  From: sram_test_module_0/compare_reg_init[15]:CLK
  To:   sram_test_module_0/data_write_portA[15]:D
  Delay (ns):              0.219
  Slack (ns):              0.135
  Arrival (ns):            2.173
  Required (ns):           2.038
  Operating Conditions: fast_hv_lt

Path 94
  From: MIV_RV32_CFG1_C0_0/MIV_RV32_CFG1_C0_0/u_ipcore_0/u_hart_0/u_expipe_0/u_exu_0/div_divisor[4]:CLK
  To:   MIV_RV32_CFG1_C0_0/MIV_RV32_CFG1_C0_0/u_ipcore_0/u_hart_0/u_expipe_0/u_exu_0/div_divisor[3]:D
  Delay (ns):              0.209
  Slack (ns):              0.135
  Arrival (ns):            2.148
  Required (ns):           2.013
  Operating Conditions: fast_hv_lt

Path 95
  From: MIV_RV32_CFG1_C0_0/MIV_RV32_CFG1_C0_0/u_ipcore_0/gen_subsys_debug.u_subsys_debug_unit_0/MIV_subsys_debug_transport_module_jtag_0/gen_shift_register_active_high.gen_shift_register_active_low.shiftDMI[29]:CLK
  To:   MIV_RV32_CFG1_C0_0/MIV_RV32_CFG1_C0_0/u_ipcore_0/gen_subsys_debug.u_subsys_debug_unit_0/MIV_subsys_debug_transport_module_jtag_0/gen_shift_register_active_high.gen_shift_register_active_low.shiftDMI[28]:D
  Delay (ns):              0.210
  Slack (ns):              0.135
  Arrival (ns):            3.424
  Required (ns):           3.289
  Operating Conditions: fast_hv_lt

Path 96
  From: MIV_ESS_C0_0/CoreUARTapb_0/uUART/make_TX/tx_parity:CLK
  To:   MIV_ESS_C0_0/CoreUARTapb_0/uUART/make_TX/tx_parity:D
  Delay (ns):              0.203
  Slack (ns):              0.135
  Arrival (ns):            2.152
  Required (ns):           2.017
  Operating Conditions: fast_hv_lt

Path 97
  From: MIV_ESS_C0_0/CoreUARTapb_0/uUART/make_RX/rx_shift[6]:CLK
  To:   MIV_ESS_C0_0/CoreUARTapb_0/uUART/make_RX/rx_byte[6]:D
  Delay (ns):              0.220
  Slack (ns):              0.135
  Arrival (ns):            2.196
  Required (ns):           2.061
  Operating Conditions: fast_hv_lt

Path 98
  From: CoreTimer_C0_0/CoreTimer_C0_0/Load[31]:CLK
  To:   CoreTimer_C0_0/CoreTimer_C0_0/iPRDATA[31]:D
  Delay (ns):              0.213
  Slack (ns):              0.136
  Arrival (ns):            2.193
  Required (ns):           2.057
  Operating Conditions: fast_hv_lt

Path 99
  From: CoreTimer_C0_0/CoreTimer_C0_0/Load[27]:CLK
  To:   CoreTimer_C0_0/CoreTimer_C0_0/iPRDATA[27]:D
  Delay (ns):              0.214
  Slack (ns):              0.136
  Arrival (ns):            2.193
  Required (ns):           2.057
  Operating Conditions: fast_hv_lt

Path 100
  From: CoreTimer_C0_0/CoreTimer_C0_0/Count[24]:CLK
  To:   CoreTimer_C0_0/CoreTimer_C0_0/iPRDATA[24]:D
  Delay (ns):              0.210
  Slack (ns):              0.136
  Arrival (ns):            2.191
  Required (ns):           2.055
  Operating Conditions: fast_hv_lt

